======================================================================
python : Traceback (most recent call last):
At line:1 char:30
+ ... s\Activate.ps1; python test_backend.py > test_output.txt 2>&1; Get-Co 
...
+                     ~~~~~~~~~~~~~~~~~~~~~~~~~~~~~~~~~~~~~~~~~~~~~
    + CategoryInfo          : NotSpecified: (Traceback (most recent call la 
   st)::String) [], RemoteException
    + FullyQualifiedErrorId : NativeCommandError
 
  File "D:\5th Sem\peer matcher\test_backend.py", line 178, in <module>
    main()
  File "D:\5th Sem\peer matcher\test_backend.py", line 127, in main
    print("\U0001f393 AI-Powered Peer Learning Matcher - Backend Test 
Suite")
  File "C:\Users\OMEN\AppData\Local\Programs\Python\Python310\lib\encodings\
cp1252.py", line 19, in encode
    return codecs.charmap_encode(input,self.errors,encoding_table)[0]
UnicodeEncodeError: 'charmap' codec can't encode character '\U0001f393' in 
position 0: character maps to <undefined>
